$ git push
Counting objects: 5, done.
Delta compression using up to 4 threads.
Compressing objects: 100% (3/3), done.
Writing objects: 100% (5/5), 479 bytes | 0 bytes/s, done.
Total 5 (delta 1), reused 0 (delta 0)
remote: Resolving deltas: 100% (1/1), completed with 1 local objects.
To https://github.com/akshaypalshikar/algorithms.git
   b8924be..7a7982a  master -> master

aksma@DESKTOP-0FV5PJQ MINGW64 ~/git/algorithms/Algorithms (master)
$ git mv git\ tutorial/file1.txt git\ tutorial/file-renamed.txt

aksma@DESKTOP-0FV5PJQ MINGW64 ~/git/algorithms/Algorithms (master)
$ git status
On branch master
Your branch is up-to-date with 'origin/master'.
Changes to be committed:
  (use "git reset HEAD <file>..." to unstage)

        renamed:    git tutorial/file1.txt -> git tutorial/file-renamed.txt


aksma@DESKTOP-0FV5PJQ MINGW64 ~/git/algorithms/Algorithms (master)
$ git commit -m "file rename example"
[master da11818] file rename example
 Committer: Akshay Palshikar <Akshay Palshikar>
Your name and email address were configured automatically based
on your username and hostname. Please check that they are accurate.
You can suppress this message by setting them explicitly. Run the
following command and follow the instructions in your editor to edit
your configuration file:

    git config --global --edit

After doing this, you may fix the identity used for this commit with:

    git commit --amend --reset-author

 1 file changed, 0 insertions(+), 0 deletions(-)
 rename Algorithms/git tutorial/{file1.txt => file-renamed.txt} (100%)

aksma@DESKTOP-0FV5PJQ MINGW64 ~/git/algorithms/Algorithms (master)
$ whoami
aksma

aksma@DESKTOP-0FV5PJQ MINGW64 ~/git/algorithms/Algorithms (master)
$ git push
Counting objects: 4, done.
Delta compression using up to 4 threads.
Compressing objects: 100% (2/2), done.
Writing objects: 100% (4/4), 348 bytes | 0 bytes/s, done.
Total 4 (delta 1), reused 0 (delta 0)
remote: Resolving deltas: 100% (1/1), completed with 1 local objects.
To https://github.com/akshaypalshikar/algorithms.git
   7a7982a..da11818  master -> master

aksma@DESKTOP-0FV5PJQ MINGW64 ~/git/algorithms/Algorithms (master)
$ celar
bash: celar: command not found

aksma@DESKTOP-0FV5PJQ MINGW64 ~/git/algorithms/Algorithms (master)
$ clear

aksma@DESKTOP-0FV5PJQ MINGW64 ~/git/algorithms/Algorithms (master)
$ whoami
aksma

aksma@DESKTOP-0FV5PJQ MINGW64 ~/git/algorithms/Algorithms (master)
$ git status
On branch master
Your branch is up-to-date with 'origin/master'.
Changes not staged for commit:
  (use "git add <file>..." to update what will be committed)
  (use "git checkout -- <file>..." to discard changes in working directory)

        modified:   git tutorial/file-renamed.txt

no changes added to commit (use "git add" and/or "git commit -a")

aksma@DESKTOP-0FV5PJQ MINGW64 ~/git/algorithms/Algorithms (master)
$ git add git\ tutorial/file-renamed.txt

aksma@DESKTOP-0FV5PJQ MINGW64 ~/git/algorithms/Algorithms (master)
$ git commit -m "added about how to undo changes in working directory"
[master a5318c6] added about how to undo changes in working directory
 Committer: Akshay Palshikar <Akshay Palshikar>
Your name and email address were configured automatically based
on your username and hostname. Please check that they are accurate.
You can suppress this message by setting them explicitly. Run the
following command and follow the instructions in your editor to edit
your configuration file:

    git config --global --edit

After doing this, you may fix the identity used for this commit with:

    git commit --amend --reset-author

 1 file changed, 2 insertions(+)

aksma@DESKTOP-0FV5PJQ MINGW64 ~/git/algorithms/Algorithms (master)
$ git statua
git: 'statua' is not a git command. See 'git --help'.

Did you mean this?
        status

aksma@DESKTOP-0FV5PJQ MINGW64 ~/git/algorithms/Algorithms (master)
$ status
bash: status: command not found

aksma@DESKTOP-0FV5PJQ MINGW64 ~/git/algorithms/Algorithms (master)
$ git status
On branch master
Your branch is ahead of 'origin/master' by 1 commit.
  (use "git push" to publish your local commits)
Changes not staged for commit:
  (use "git add <file>..." to update what will be committed)
  (use "git checkout -- <file>..." to discard changes in working directory)

        modified:   git tutorial/file-renamed.txt

no changes added to commit (use "git add" and/or "git commit -a")

aksma@DESKTOP-0FV5PJQ MINGW64 ~/git/algorithms/Algorithms (master)
$ git checkout -- git\ tutorial/file-renamed.txt

aksma@DESKTOP-0FV5PJQ MINGW64 ~/git/algorithms/Algorithms (master)
$ ^C

aksma@DESKTOP-0FV5PJQ MINGW64 ~/git/algorithms/Algorithms (master)
$ git ststus
git: 'ststus' is not a git command. See 'git --help'.

Did you mean this?
        status

aksma@DESKTOP-0FV5PJQ MINGW64 ~/git/algorithms/Algorithms (master)
$ git statis
git: 'statis' is not a git command. See 'git --help'.

Did you mean this?
        status

aksma@DESKTOP-0FV5PJQ MINGW64 ~/git/algorithms/Algorithms (master)
$ git status
On branch master
Your branch is ahead of 'origin/master' by 1 commit.
  (use "git push" to publish your local commits)
Changes not staged for commit:
  (use "git add <file>..." to update what will be committed)
  (use "git checkout -- <file>..." to discard changes in working directory)

        modified:   git tutorial/file-renamed.txt

Untracked files:
  (use "git add <file>..." to include in what will be committed)

        unwanted file.txt

no changes added to commit (use "git add" and/or "git commit -a")

aksma@DESKTOP-0FV5PJQ MINGW64 ~/git/algorithms/Algorithms (master)
$ git add unwanted\ file.txt

aksma@DESKTOP-0FV5PJQ MINGW64 ~/git/algorithms/Algorithms (master)
$ git status
On branch master
Your branch is ahead of 'origin/master' by 1 commit.
  (use "git push" to publish your local commits)
Changes to be committed:
  (use "git reset HEAD <file>..." to unstage)

        new file:   unwanted file.txt

Changes not staged for commit:
  (use "git add <file>..." to update what will be committed)
  (use "git checkout -- <file>..." to discard changes in working directory)

        modified:   git tutorial/file-renamed.txt


aksma@DESKTOP-0FV5PJQ MINGW64 ~/git/algorithms/Algorithms (master)
$ git reset HEAD unwanted\ file.txt
Unstaged changes after reset:
M       Algorithms/git tutorial/file-renamed.txt

aksma@DESKTOP-0FV5PJQ MINGW64 ~/git/algorithms/Algorithms (master)
$ git status
On branch master
Your branch is ahead of 'origin/master' by 1 commit.
  (use "git push" to publish your local commits)
Changes not staged for commit:
  (use "git add <file>..." to update what will be committed)
  (use "git checkout -- <file>..." to discard changes in working directory)

        modified:   git tutorial/file-renamed.txt

Untracked files:
  (use "git add <file>..." to include in what will be committed)

        unwanted file.txt

no changes added to commit (use "git add" and/or "git commit -a")

aksma@DESKTOP-0FV5PJQ MINGW64 ~/git/algorithms/Algorithms (master)
$ rm unwanted\ file.txt

aksma@DESKTOP-0FV5PJQ MINGW64 ~/git/algorithms/Algorithms (master)
$ ^C

aksma@DESKTOP-0FV5PJQ MINGW64 ~/git/algorithms/Algorithms (master)
$ git add git\ tutorial/file-renamed.txt

aksma@DESKTOP-0FV5PJQ MINGW64 ~/git/algorithms/Algorithms (master)
$ git commit
Aborting commit due to empty commit message.

aksma@DESKTOP-0FV5PJQ MINGW64 ~/git/algorithms/Algorithms (master)
$ git commit -m "how to undo the changes in staging area?"
[master f86107f] how to undo the changes in staging area?
 Committer: Akshay Palshikar <Akshay Palshikar>
Your name and email address were configured automatically based
on your username and hostname. Please check that they are accurate.
You can suppress this message by setting them explicitly. Run the
following command and follow the instructions in your editor to edit
your configuration file:

    git config --global --edit

After doing this, you may fix the identity used for this commit with:

    git commit --amend --reset-author

 1 file changed, 5 insertions(+)

aksma@DESKTOP-0FV5PJQ MINGW64 ~/git/algorithms/Algorithms (master)
$ bahs
bash: bahs: command not found

aksma@DESKTOP-0FV5PJQ MINGW64 ~/git/algorithms/Algorithms (master)
$ bash

aksma@DESKTOP-0FV5PJQ MINGW64 ~/git/algorithms/Algorithms (master)
$ git add git\ tutorial/file-renamed.txt

aksma@DESKTOP-0FV5PJQ MINGW64 ~/git/algorithms/Algorithms (master)
$ git commit
Aborting commit due to empty commit message.

aksma@DESKTOP-0FV5PJQ MINGW64 ~/git/algorithms/Algorithms (master)
$ git commit -m "git commit amed example prep"
[master e1f7dc7] git commit amed example prep
 Committer: Akshay Palshikar <Akshay Palshikar>
Your name and email address were configured automatically based
on your username and hostname. Please check that they are accurate.
You can suppress this message by setting them explicitly. Run the
following command and follow the instructions in your editor to edit
your configuration file:

    git config --global --edit

After doing this, you may fix the identity used for this commit with:

    git commit --amend --reset-author

 1 file changed, 3 insertions(+)

aksma@DESKTOP-0FV5PJQ MINGW64 ~/git/algorithms/Algorithms (master)
$ ^C

aksma@DESKTOP-0FV5PJQ MINGW64 ~/git/algorithms/Algorithms (master)
$ git add git\ tutorial/file-renamed.txt

aksma@DESKTOP-0FV5PJQ MINGW64 ~/git/algorithms/Algorithms (master)
$ git commit --amend -m "git commit amed example"
[master bdadebe] git commit amed example
 Date: Sat Apr 1 18:43:20 2017 -0700
 Committer: Akshay Palshikar <Akshay Palshikar>
Your name and email address were configured automatically based
on your username and hostname. Please check that they are accurate.
You can suppress this message by setting them explicitly. Run the
following command and follow the instructions in your editor to edit
your configuration file:

    git config --global --edit

After doing this, you may fix the identity used for this commit with:

    git commit --amend --reset-author

 1 file changed, 5 insertions(+)

aksma@DESKTOP-0FV5PJQ MINGW64 ~/git/algorithms/Algorithms (master)
$ git push
Counting objects: 15, done.
Delta compression using up to 4 threads.
Compressing objects: 100% (9/9), done.
Writing objects: 100% (15/15), 1.34 KiB | 0 bytes/s, done.
Total 15 (delta 5), reused 0 (delta 0)
remote: Resolving deltas: 100% (5/5), completed with 1 local objects.
To https://github.com/akshaypalshikar/algorithms.git
   da11818..bdadebe  master -> master

aksma@DESKTOP-0FV5PJQ MINGW64 ~/git/algorithms/Algorithms (master)
$



$ git push
Counting objects: 5, done.
Delta compression using up to 4 threads.
Compressing objects: 100% (3/3), done.
Writing objects: 100% (5/5), 479 bytes | 0 bytes/s, done.
Total 5 (delta 1), reused 0 (delta 0)
remote: Resolving deltas: 100% (1/1), completed with 1 local objects.
To https://github.com/akshaypalshikar/algorithms.git
   b8924be..7a7982a  master -> master

aksma@DESKTOP-0FV5PJQ MINGW64 ~/git/algorithms/Algorithms (master)
$ git mv git\ tutorial/file1.txt git\ tutorial/file-renamed.txt

aksma@DESKTOP-0FV5PJQ MINGW64 ~/git/algorithms/Algorithms (master)
$ git status
On branch master
Your branch is up-to-date with 'origin/master'.
Changes to be committed:
  (use "git reset HEAD <file>..." to unstage)

        renamed:    git tutorial/file1.txt -> git tutorial/file-renamed.txt


aksma@DESKTOP-0FV5PJQ MINGW64 ~/git/algorithms/Algorithms (master)
$ git commit -m "file rename example"
[master da11818] file rename example
 Committer: Akshay Palshikar <Akshay Palshikar>
Your name and email address were configured automatically based
on your username and hostname. Please check that they are accurate.
You can suppress this message by setting them explicitly. Run the
following command and follow the instructions in your editor to edit
your configuration file:

    git config --global --edit

After doing this, you may fix the identity used for this commit with:

    git commit --amend --reset-author

 1 file changed, 0 insertions(+), 0 deletions(-)
 rename Algorithms/git tutorial/{file1.txt => file-renamed.txt} (100%)

aksma@DESKTOP-0FV5PJQ MINGW64 ~/git/algorithms/Algorithms (master)
$ whoami
aksma

aksma@DESKTOP-0FV5PJQ MINGW64 ~/git/algorithms/Algorithms (master)
$ git push
Counting objects: 4, done.
Delta compression using up to 4 threads.
Compressing objects: 100% (2/2), done.
Writing objects: 100% (4/4), 348 bytes | 0 bytes/s, done.
Total 4 (delta 1), reused 0 (delta 0)
remote: Resolving deltas: 100% (1/1), completed with 1 local objects.
To https://github.com/akshaypalshikar/algorithms.git
   7a7982a..da11818  master -> master

aksma@DESKTOP-0FV5PJQ MINGW64 ~/git/algorithms/Algorithms (master)
$ celar
bash: celar: command not found

aksma@DESKTOP-0FV5PJQ MINGW64 ~/git/algorithms/Algorithms (master)
$ clear

aksma@DESKTOP-0FV5PJQ MINGW64 ~/git/algorithms/Algorithms (master)
$ whoami
aksma

aksma@DESKTOP-0FV5PJQ MINGW64 ~/git/algorithms/Algorithms (master)
$ git status
On branch master
Your branch is up-to-date with 'origin/master'.
Changes not staged for commit:
  (use "git add <file>..." to update what will be committed)
  (use "git checkout -- <file>..." to discard changes in working directory)

        modified:   git tutorial/file-renamed.txt

no changes added to commit (use "git add" and/or "git commit -a")

aksma@DESKTOP-0FV5PJQ MINGW64 ~/git/algorithms/Algorithms (master)
$ git add git\ tutorial/file-renamed.txt

aksma@DESKTOP-0FV5PJQ MINGW64 ~/git/algorithms/Algorithms (master)
$ git commit -m "added about how to undo changes in working directory"
[master a5318c6] added about how to undo changes in working directory
 Committer: Akshay Palshikar <Akshay Palshikar>
Your name and email address were configured automatically based
on your username and hostname. Please check that they are accurate.
You can suppress this message by setting them explicitly. Run the
following command and follow the instructions in your editor to edit
your configuration file:

    git config --global --edit

After doing this, you may fix the identity used for this commit with:

    git commit --amend --reset-author

 1 file changed, 2 insertions(+)

aksma@DESKTOP-0FV5PJQ MINGW64 ~/git/algorithms/Algorithms (master)
$ git statua
git: 'statua' is not a git command. See 'git --help'.

Did you mean this?
        status

aksma@DESKTOP-0FV5PJQ MINGW64 ~/git/algorithms/Algorithms (master)
$ status
bash: status: command not found

aksma@DESKTOP-0FV5PJQ MINGW64 ~/git/algorithms/Algorithms (master)
$ git status
On branch master
Your branch is ahead of 'origin/master' by 1 commit.
  (use "git push" to publish your local commits)
Changes not staged for commit:
  (use "git add <file>..." to update what will be committed)
  (use "git checkout -- <file>..." to discard changes in working directory)

        modified:   git tutorial/file-renamed.txt

no changes added to commit (use "git add" and/or "git commit -a")

aksma@DESKTOP-0FV5PJQ MINGW64 ~/git/algorithms/Algorithms (master)
$ git checkout -- git\ tutorial/file-renamed.txt

aksma@DESKTOP-0FV5PJQ MINGW64 ~/git/algorithms/Algorithms (master)
$ ^C

aksma@DESKTOP-0FV5PJQ MINGW64 ~/git/algorithms/Algorithms (master)
$ git ststus
git: 'ststus' is not a git command. See 'git --help'.

Did you mean this?
        status

aksma@DESKTOP-0FV5PJQ MINGW64 ~/git/algorithms/Algorithms (master)
$ git statis
git: 'statis' is not a git command. See 'git --help'.

Did you mean this?
        status

aksma@DESKTOP-0FV5PJQ MINGW64 ~/git/algorithms/Algorithms (master)
$ git status
On branch master
Your branch is ahead of 'origin/master' by 1 commit.
  (use "git push" to publish your local commits)
Changes not staged for commit:
  (use "git add <file>..." to update what will be committed)
  (use "git checkout -- <file>..." to discard changes in working directory)

        modified:   git tutorial/file-renamed.txt

Untracked files:
  (use "git add <file>..." to include in what will be committed)

        unwanted file.txt

no changes added to commit (use "git add" and/or "git commit -a")

aksma@DESKTOP-0FV5PJQ MINGW64 ~/git/algorithms/Algorithms (master)
$ git add unwanted\ file.txt

aksma@DESKTOP-0FV5PJQ MINGW64 ~/git/algorithms/Algorithms (master)
$ git status
On branch master
Your branch is ahead of 'origin/master' by 1 commit.
  (use "git push" to publish your local commits)
Changes to be committed:
  (use "git reset HEAD <file>..." to unstage)

        new file:   unwanted file.txt

Changes not staged for commit:
  (use "git add <file>..." to update what will be committed)
  (use "git checkout -- <file>..." to discard changes in working directory)

        modified:   git tutorial/file-renamed.txt


aksma@DESKTOP-0FV5PJQ MINGW64 ~/git/algorithms/Algorithms (master)
$ git reset HEAD unwanted\ file.txt
Unstaged changes after reset:
M       Algorithms/git tutorial/file-renamed.txt

aksma@DESKTOP-0FV5PJQ MINGW64 ~/git/algorithms/Algorithms (master)
$ git status
On branch master
Your branch is ahead of 'origin/master' by 1 commit.
  (use "git push" to publish your local commits)
Changes not staged for commit:
  (use "git add <file>..." to update what will be committed)
  (use "git checkout -- <file>..." to discard changes in working directory)

        modified:   git tutorial/file-renamed.txt

Untracked files:
  (use "git add <file>..." to include in what will be committed)

        unwanted file.txt

no changes added to commit (use "git add" and/or "git commit -a")

aksma@DESKTOP-0FV5PJQ MINGW64 ~/git/algorithms/Algorithms (master)
$ rm unwanted\ file.txt

aksma@DESKTOP-0FV5PJQ MINGW64 ~/git/algorithms/Algorithms (master)
$ ^C

aksma@DESKTOP-0FV5PJQ MINGW64 ~/git/algorithms/Algorithms (master)
$ git add git\ tutorial/file-renamed.txt

aksma@DESKTOP-0FV5PJQ MINGW64 ~/git/algorithms/Algorithms (master)
$ git commit
Aborting commit due to empty commit message.

aksma@DESKTOP-0FV5PJQ MINGW64 ~/git/algorithms/Algorithms (master)
$ git commit -m "how to undo the changes in staging area?"
[master f86107f] how to undo the changes in staging area?
 Committer: Akshay Palshikar <Akshay Palshikar>
Your name and email address were configured automatically based
on your username and hostname. Please check that they are accurate.
You can suppress this message by setting them explicitly. Run the
following command and follow the instructions in your editor to edit
your configuration file:

    git config --global --edit

After doing this, you may fix the identity used for this commit with:

    git commit --amend --reset-author

 1 file changed, 5 insertions(+)

aksma@DESKTOP-0FV5PJQ MINGW64 ~/git/algorithms/Algorithms (master)
$ bahs
bash: bahs: command not found

aksma@DESKTOP-0FV5PJQ MINGW64 ~/git/algorithms/Algorithms (master)
$ bash

aksma@DESKTOP-0FV5PJQ MINGW64 ~/git/algorithms/Algorithms (master)
$ git add git\ tutorial/file-renamed.txt

aksma@DESKTOP-0FV5PJQ MINGW64 ~/git/algorithms/Algorithms (master)
$ git commit
Aborting commit due to empty commit message.

aksma@DESKTOP-0FV5PJQ MINGW64 ~/git/algorithms/Algorithms (master)
$ git commit -m "git commit amed example prep"
[master e1f7dc7] git commit amed example prep
 Committer: Akshay Palshikar <Akshay Palshikar>
Your name and email address were configured automatically based
on your username and hostname. Please check that they are accurate.
You can suppress this message by setting them explicitly. Run the
following command and follow the instructions in your editor to edit
your configuration file:

    git config --global --edit

After doing this, you may fix the identity used for this commit with:

    git commit --amend --reset-author

 1 file changed, 3 insertions(+)

aksma@DESKTOP-0FV5PJQ MINGW64 ~/git/algorithms/Algorithms (master)
$ ^C

aksma@DESKTOP-0FV5PJQ MINGW64 ~/git/algorithms/Algorithms (master)
$ git add git\ tutorial/file-renamed.txt

aksma@DESKTOP-0FV5PJQ MINGW64 ~/git/algorithms/Algorithms (master)
$ git commit --amend -m "git commit amed example"
[master bdadebe] git commit amed example
 Date: Sat Apr 1 18:43:20 2017 -0700
 Committer: Akshay Palshikar <Akshay Palshikar>
Your name and email address were configured automatically based
on your username and hostname. Please check that they are accurate.
You can suppress this message by setting them explicitly. Run the
following command and follow the instructions in your editor to edit
your configuration file:

    git config --global --edit

After doing this, you may fix the identity used for this commit with:

    git commit --amend --reset-author

 1 file changed, 5 insertions(+)

aksma@DESKTOP-0FV5PJQ MINGW64 ~/git/algorithms/Algorithms (master)
$ git push
Counting objects: 15, done.
Delta compression using up to 4 threads.
Compressing objects: 100% (9/9), done.
Writing objects: 100% (15/15), 1.34 KiB | 0 bytes/s, done.
Total 15 (delta 5), reused 0 (delta 0)
remote: Resolving deltas: 100% (5/5), completed with 1 local objects.
To https://github.com/akshaypalshikar/algorithms.git
   da11818..bdadebe  master -> master

aksma@DESKTOP-0FV5PJQ MINGW64 ~/git/algorithms/Algorithms (master)
$

aksma@DESKTOP-0FV5PJQ MINGW64 ~/git/algorithms/Algorithms (master)
$ cd git\ tutorial/

aksma@DESKTOP-0FV5PJQ MINGW64 ~/git/algorithms/Algorithms/git tutorial (master)
$ ls
'command prompt.txt'  file-renamed.txt

aksma@DESKTOP-0FV5PJQ MINGW64 ~/git/algorithms/Algorithms/git tutorial (master)
$ git add command\ prompt.txt

aksma@DESKTOP-0FV5PJQ MINGW64 ~/git/algorithms/Algorithms/git tutorial (master)
$ git commit -m "adding all the commands used in the commit"
[master 95fbb16] adding all the commands used in the commit
 Committer: Akshay Palshikar <Akshay Palshikar>
Your name and email address were configured automatically based
on your username and hostname. Please check that they are accurate.
You can suppress this message by setting them explicitly. Run the
following command and follow the instructions in your editor to edit
your configuration file:

    git config --global --edit

After doing this, you may fix the identity used for this commit with:

    git commit --amend --reset-author

 1 file changed, 307 insertions(+)
 create mode 100644 Algorithms/git tutorial/command prompt.txt

aksma@DESKTOP-0FV5PJQ MINGW64 ~/git/algorithms/Algorithms/git tutorial (master)
$ git log
commit 95fbb16b2c971d40b8f636ff9db17113adb3e35f
Author: Akshay Palshikar <Akshay Palshikar>
Date:   Sat Apr 1 18:48:53 2017 -0700

    adding all the commands used in the commit

commit bdadebe17c53a73bb16c45208a047ef0951479cd
Author: Akshay Palshikar <Akshay Palshikar>
Date:   Sat Apr 1 18:43:20 2017 -0700

    git commit amed example

commit f86107fe1d03de6ee6f0a978a5e7c9a87e8dccda
Author: Akshay Palshikar <Akshay Palshikar>
Date:   Sat Apr 1 18:37:12 2017 -0700

    how to undo the changes in staging area?

commit a5318c696d4edb8932a89812708a390a9e548827
Author: Akshay Palshikar <Akshay Palshikar>
Date:   Sat Apr 1 18:28:43 2017 -0700

    added about how to undo changes in working directory

commit da11818c971324f430b206e1e064158385be73d7
Author: Akshay Palshikar <Akshay Palshikar>
Date:   Sat Apr 1 18:21:25 2017 -0700

    file rename example

commit 7a7982addbfc6a2f4cc25e34bf58fbb583ebfa18
Author: Akshay Palshikar <Akshay Palshikar>
Date:   Sat Apr 1 18:19:37 2017 -0700

    added git tutorial file

commit b8924befdf6d5717e35d1918b503294432e0b7d3
Author: Akshay <aksmakesit@gmail.com>
Date:   Sat Aug 20 18:24:35 2016 -0400

    Fibonacci series

commit b2a3eb4c951e82ac6c110d3482c939b70cad5171
Author: Akshay <aksmakesit@gmail.com>
Date:   Sat Aug 20 17:04:10 2016 -0400

    Initial Commit

commit 787bc81595c7015be25355238084fb28d4691ec5
Author: Akshay <aksmakesit@gmail.com>
Date:   Sat Aug 20 16:48:19 2016 -0400

    Initial Commit

aksma@DESKTOP-0FV5PJQ MINGW64 ~/git/algorithms/Algorithms/git tutorial (master)
$ git add file-renamed.txt

aksma@DESKTOP-0FV5PJQ MINGW64 ~/git/algorithms/Algorithms/git tutorial (master)
$ git commit - "prep for git commit which undo the changes committed"
error: pathspec '-' did not match any file(s) known to git.
error: pathspec 'prep for git commit which undo the changes committed' did not match any file(s) known to git.

aksma@DESKTOP-0FV5PJQ MINGW64 ~/git/algorithms/Algorithms/git tutorial (master)
$ git add file-renamed.txt

aksma@DESKTOP-0FV5PJQ MINGW64 ~/git/algorithms/Algorithms/git tutorial (master)
$ git commit -m "adding garbage to rollback"
[master b99df6e] adding garbage to rollback
 Committer: Akshay Palshikar <Akshay Palshikar>
Your name and email address were configured automatically based
on your username and hostname. Please check that they are accurate.
You can suppress this message by setting them explicitly. Run the
following command and follow the instructions in your editor to edit
your configuration file:

    git config --global --edit

After doing this, you may fix the identity used for this commit with:

    git commit --amend --reset-author

 1 file changed, 7 insertions(+)

aksma@DESKTOP-0FV5PJQ MINGW64 ~/git/algorithms/Algorithms/git tutorial (master)
$ git log
commit b99df6e0bbed7d3c91e4ff35c85bc60433cd548f
Author: Akshay Palshikar <Akshay Palshikar>
Date:   Sat Apr 1 18:54:51 2017 -0700

    adding garbage to rollback

commit 95fbb16b2c971d40b8f636ff9db17113adb3e35f
Author: Akshay Palshikar <Akshay Palshikar>
Date:   Sat Apr 1 18:48:53 2017 -0700

    adding all the commands used in the commit

commit bdadebe17c53a73bb16c45208a047ef0951479cd
Author: Akshay Palshikar <Akshay Palshikar>
Date:   Sat Apr 1 18:43:20 2017 -0700

    git commit amed example

commit f86107fe1d03de6ee6f0a978a5e7c9a87e8dccda
Author: Akshay Palshikar <Akshay Palshikar>
Date:   Sat Apr 1 18:37:12 2017 -0700

    how to undo the changes in staging area?

commit a5318c696d4edb8932a89812708a390a9e548827
Author: Akshay Palshikar <Akshay Palshikar>
Date:   Sat Apr 1 18:28:43 2017 -0700

    added about how to undo changes in working directory

commit da11818c971324f430b206e1e064158385be73d7
Author: Akshay Palshikar <Akshay Palshikar>
Date:   Sat Apr 1 18:21:25 2017 -0700

    file rename example

commit 7a7982addbfc6a2f4cc25e34bf58fbb583ebfa18
Author: Akshay Palshikar <Akshay Palshikar>
Date:   Sat Apr 1 18:19:37 2017 -0700

    added git tutorial file

commit b8924befdf6d5717e35d1918b503294432e0b7d3
Author: Akshay <aksmakesit@gmail.com>
Date:   Sat Aug 20 18:24:35 2016 -0400

    Fibonacci series

commit b2a3eb4c951e82ac6c110d3482c939b70cad5171
Author: Akshay <aksmakesit@gmail.com>
Date:   Sat Aug 20 17:04:10 2016 -0400

    Initial Commit

commit 787bc81595c7015be25355238084fb28d4691ec5
Author: Akshay <aksmakesit@gmail.com>
Date:   Sat Aug 20 16:48:19 2016 -0400

    Initial Commit

aksma@DESKTOP-0FV5PJQ MINGW64 ~/git/algorithms/Algorithms/git tutorial (master)
$ git checkout ^C

aksma@DESKTOP-0FV5PJQ MINGW64 ~/git/algorithms/Algorithms/git tutorial (master)
$ git checkout 95fbb16b2c971d40b8f636ff9db17113adb3e35f -- file-renamed.txt

aksma@DESKTOP-0FV5PJQ MINGW64 ~/git/algorithms/Algorithms/git tutorial (master)
$ git checkout b99df6e0bbed7d3c91e4ff35c85bc60433cd548f -- file-renamed.txt

aksma@DESKTOP-0FV5PJQ MINGW64 ~/git/algorithms/Algorithms/git tutorial (master)
$ git checkout b99df6e0bbed7d3c91e4ff35c85bc60433cd548f -- file-renamed.txt

aksma@DESKTOP-0FV5PJQ MINGW64 ~/git/algorithms/Algorithms/git tutorial (master)
$ git add file-renamed.txt

aksma@DESKTOP-0FV5PJQ MINGW64 ~/git/algorithms/Algorithms/git tutorial (master)
$ git commit -m "how to checkout spefici version from repo"
[master ca9b9fb] how to checkout spefici version from repo
 Committer: Akshay Palshikar <Akshay Palshikar>
Your name and email address were configured automatically based
on your username and hostname. Please check that they are accurate.
You can suppress this message by setting them explicitly. Run the
following command and follow the instructions in your editor to edit
your configuration file:

    git config --global --edit

After doing this, you may fix the identity used for this commit with:

    git commit --amend --reset-author

 1 file changed, 18 insertions(+), 1 deletion(-)

aksma@DESKTOP-0FV5PJQ MINGW64 ~/git/algorithms/Algorithms/git tutorial (master)
$ ^C

aksma@DESKTOP-0FV5PJQ MINGW64 ~/git/algorithms/Algorithms/git tutorial (master)
$ git add file-renamed.txt

aksma@DESKTOP-0FV5PJQ MINGW64 ~/git/algorithms/Algorithms/git tutorial (master)
$ git commit -m "committing file from old version again"
[master 0ae0e0f] committing file from old version again
 Committer: Akshay Palshikar <Akshay Palshikar>
Your name and email address were configured automatically based
on your username and hostname. Please check that they are accurate.
You can suppress this message by setting them explicitly. Run the
following command and follow the instructions in your editor to edit
your configuration file:

    git config --global --edit

After doing this, you may fix the identity used for this commit with:

    git commit --amend --reset-author

 1 file changed, 24 insertions(+)

aksma@DESKTOP-0FV5PJQ MINGW64 ~/git/algorithms/Algorithms/git tutorial (master)
$ git add file-renamed.txt

aksma@DESKTOP-0FV5PJQ MINGW64 ~/git/algorithms/Algorithms/git tutorial (master)
$ git commit -m "before starting git revert"
[master f49918a] before starting git revert
 Committer: Akshay Palshikar <Akshay Palshikar>
Your name and email address were configured automatically based
on your username and hostname. Please check that they are accurate.
You can suppress this message by setting them explicitly. Run the
following command and follow the instructions in your editor to edit
your configuration file:

    git config --global --edit

After doing this, you may fix the identity used for this commit with:

    git commit --amend --reset-author

 1 file changed, 2 insertions(+)

aksma@DESKTOP-0FV5PJQ MINGW64 ~/git/algorithms/Algorithms/git tutorial (master)
$ git add file-renamed.txt

aksma@DESKTOP-0FV5PJQ MINGW64 ~/git/algorithms/Algorithms/git tutorial (master)
$ git commit -m "adding garbage text to revert"
[master 4d98aee] adding garbage text to revert
 Committer: Akshay Palshikar <Akshay Palshikar>
Your name and email address were configured automatically based
on your username and hostname. Please check that they are accurate.
You can suppress this message by setting them explicitly. Run the
following command and follow the instructions in your editor to edit
your configuration file:

    git config --global --edit

After doing this, you may fix the identity used for this commit with:

    git commit --amend --reset-author

 1 file changed, 2 insertions(+)

aksma@DESKTOP-0FV5PJQ MINGW64 ~/git/algorithms/Algorithms/git tutorial (master)
$ git log
commit 4d98aeea7309d2fce2d341ba42493b6f7605b672
Author: Akshay Palshikar <Akshay Palshikar>
Date:   Sat Apr 1 19:22:04 2017 -0700

    adding garbage text to revert

commit f49918a9562affeb2fffac250886aabf60009b06
Author: Akshay Palshikar <Akshay Palshikar>
Date:   Sat Apr 1 19:21:27 2017 -0700

    before starting git revert

commit 0ae0e0f8167da60db3b280ec8da3d975b142cc85
Author: Akshay Palshikar <Akshay Palshikar>
Date:   Sat Apr 1 19:17:12 2017 -0700

    committing file from old version again

commit ca9b9fb69bf6ac8a89e79a17c0c596c7d91e9d27
Author: Akshay Palshikar <Akshay Palshikar>
Date:   Sat Apr 1 18:59:28 2017 -0700

    how to checkout spefici version from repo

commit b99df6e0bbed7d3c91e4ff35c85bc60433cd548f
Author: Akshay Palshikar <Akshay Palshikar>
Date:   Sat Apr 1 18:54:51 2017 -0700

    adding garbage to rollback

commit 95fbb16b2c971d40b8f636ff9db17113adb3e35f
Author: Akshay Palshikar <Akshay Palshikar>
Date:   Sat Apr 1 18:48:53 2017 -0700

    adding all the commands used in the commit

commit bdadebe17c53a73bb16c45208a047ef0951479cd
Author: Akshay Palshikar <Akshay Palshikar>
Date:   Sat Apr 1 18:43:20 2017 -0700

    git commit amed example

commit f86107fe1d03de6ee6f0a978a5e7c9a87e8dccda
Author: Akshay Palshikar <Akshay Palshikar>
Date:   Sat Apr 1 18:37:12 2017 -0700

    how to undo the changes in staging area?

commit a5318c696d4edb8932a89812708a390a9e548827
Author: Akshay Palshikar <Akshay Palshikar>
Date:   Sat Apr 1 18:28:43 2017 -0700

    added about how to undo changes in working directory

commit da11818c971324f430b206e1e064158385be73d7
Author: Akshay Palshikar <Akshay Palshikar>
Date:   Sat Apr 1 18:21:25 2017 -0700

    file rename example

commit 7a7982addbfc6a2f4cc25e34bf58fbb583ebfa18
Author: Akshay Palshikar <Akshay Palshikar>
Date:   Sat Apr 1 18:19:37 2017 -0700

    added git tutorial file

commit b8924befdf6d5717e35d1918b503294432e0b7d3
Author: Akshay <aksmakesit@gmail.com>
Date:   Sat Aug 20 18:24:35 2016 -0400

    Fibonacci series

commit b2a3eb4c951e82ac6c110d3482c939b70cad5171
Author: Akshay <aksmakesit@gmail.com>
Date:   Sat Aug 20 17:04:10 2016 -0400

    Initial Commit

commit 787bc81595c7015be25355238084fb28d4691ec5
Author: Akshay <aksmakesit@gmail.com>
Date:   Sat Aug 20 16:48:19 2016 -0400

    Initial Commit
(END)

aksma@DESKTOP-0FV5PJQ MINGW64 ~/git/algorithms/Algorithms/git tutorial (master)
$ git revert 4d98aeea7309d2fce2d341ba42493b6f7605b672
[master 2c23970] Revert "adding garbage text to revert"
 Committer: Akshay Palshikar <Akshay Palshikar>
Your name and email address were configured automatically based
on your username and hostname. Please check that they are accurate.
You can suppress this message by setting them explicitly. Run the
following command and follow the instructions in your editor to edit
your configuration file:

    git config --global --edit

After doing this, you may fix the identity used for this commit with:

    git commit --amend --reset-author

 1 file changed, 2 deletions(-)

aksma@DESKTOP-0FV5PJQ MINGW64 ~/git/algorithms/Algorithms/git tutorial (master)
$ git log
commit 2c239706751a6eeef5e2ee0e13437e03b0b26926
Author: Akshay Palshikar <Akshay Palshikar>
Date:   Sat Apr 1 19:22:45 2017 -0700

    Revert "adding garbage text to revert"

    This reverts commit 4d98aeea7309d2fce2d341ba42493b6f7605b672.

commit 4d98aeea7309d2fce2d341ba42493b6f7605b672
Author: Akshay Palshikar <Akshay Palshikar>
Date:   Sat Apr 1 19:22:04 2017 -0700

    adding garbage text to revert

commit f49918a9562affeb2fffac250886aabf60009b06
Author: Akshay Palshikar <Akshay Palshikar>
Date:   Sat Apr 1 19:21:27 2017 -0700

    before starting git revert

commit 0ae0e0f8167da60db3b280ec8da3d975b142cc85
Author: Akshay Palshikar <Akshay Palshikar>
Date:   Sat Apr 1 19:17:12 2017 -0700

    committing file from old version again

commit ca9b9fb69bf6ac8a89e79a17c0c596c7d91e9d27
Author: Akshay Palshikar <Akshay Palshikar>
Date:   Sat Apr 1 18:59:28 2017 -0700

    how to checkout spefici version from repo

commit b99df6e0bbed7d3c91e4ff35c85bc60433cd548f
Author: Akshay Palshikar <Akshay Palshikar>
Date:   Sat Apr 1 18:54:51 2017 -0700

    adding garbage to rollback

commit 95fbb16b2c971d40b8f636ff9db17113adb3e35f
Author: Akshay Palshikar <Akshay Palshikar>
Date:   Sat Apr 1 18:48:53 2017 -0700

    adding all the commands used in the commit

commit bdadebe17c53a73bb16c45208a047ef0951479cd
Author: Akshay Palshikar <Akshay Palshikar>
Date:   Sat Apr 1 18:43:20 2017 -0700

    git commit amed example

commit f86107fe1d03de6ee6f0a978a5e7c9a87e8dccda
Author: Akshay Palshikar <Akshay Palshikar>
Date:   Sat Apr 1 18:37:12 2017 -0700

    how to undo the changes in staging area?

commit a5318c696d4edb8932a89812708a390a9e548827
Author: Akshay Palshikar <Akshay Palshikar>
Date:   Sat Apr 1 18:28:43 2017 -0700

    added about how to undo changes in working directory

commit da11818c971324f430b206e1e064158385be73d7
Author: Akshay Palshikar <Akshay Palshikar>
Date:   Sat Apr 1 18:21:25 2017 -0700

    file rename example

commit 7a7982addbfc6a2f4cc25e34bf58fbb583ebfa18
Author: Akshay Palshikar <Akshay Palshikar>
Date:   Sat Apr 1 18:19:37 2017 -0700

    added git tutorial file

commit b8924befdf6d5717e35d1918b503294432e0b7d3
Author: Akshay <aksmakesit@gmail.com>
Date:   Sat Aug 20 18:24:35 2016 -0400

    Fibonacci series

commit b2a3eb4c951e82ac6c110d3482c939b70cad5171
Author: Akshay <aksmakesit@gmail.com>
Date:   Sat Aug 20 17:04:10 2016 -0400

    Initial Commit

commit 787bc81595c7015be25355238084fb28d4691ec5
Author: Akshay <aksmakesit@gmail.com>
Date:   Sat Aug 20 16:48:19 2016 -0400

    Initial Commit
(END)

aksma@DESKTOP-0FV5PJQ MINGW64 ~/git/algorithms/Algorithms/git tutorial (master)
$
